// Jest Snapshot v1, https://goo.gl/fbAQLP

exports[`Layout should render children if promoted is true 1`] = `
<Fragment>
  children
</Fragment>
`;

exports[`Layout should render redirect if promoted is false 1`] = `
<Redirect
  to="/"
/>
`;
