// Jest Snapshot v1, https://goo.gl/fbAQLP

exports[`Page.Main should render correctly 1`] = `
<styled.div>
  <styled.div>
    <h1>
      Get a free year of driving!
    </h1>
    <p>
      Lorem ipsum dolor sit amet, consectetur adipiscing elit, sed do eiusmod tempor incididunt ut labore et dolore magna aliqua. Ut enim ad minim veniam, quis nostrud exercitation ullamco laboris nisi ut aliquip ex ea commodo consequat. Duis aute irure dolor in reprehenderit in voluptate velit esse cillum dolore eu fugiat nulla pariatur. Excepteur sint occaecat cupidatat non proident, sunt in culpa qui officia deserunt mollit anim id est laborum.
    </p>
  </styled.div>
  <styled.div>
    <h1>
      Get a car leasing offer!
    </h1>
    <p>
      Lorem ipsum dolor sit amet, consectetur adipiscing elit, sed do eiusmod tempor incididunt ut labore et dolore magna aliqua.
    </p>
    <WithFormik(MainForm) />
  </styled.div>
</styled.div>
`;
